src/components/booking/BookingTypeStep/BookingTypeStep.tsx(6,42): error TS2307: Cannot find module '../../types' or its corresponding type declarations.
src/components/booking/ConfirmationStep/ConfirmationStep.tsx(8,29): error TS2307: Cannot find module '../../types' or its corresponding type declarations.
src/components/booking/DateTimeStep/DateTimeStep.tsx(7,29): error TS2307: Cannot find module '../../types' or its corresponding type declarations.
src/components/booking/UserDetailsStep/UserDetailsStep.tsx(7,29): error TS2307: Cannot find module '../../types' or its corresponding type declarations.
